package com.proto.book

import _root_.higherkindness.mu.rpc.protocol._

@service(Protobuf, compressionType = Identity, namespace = Some("com.proto"))
trait BookService[F[_]] {
  def GetBook(req: _root_.com.proto.book.GetBookRequest): F[_root_.com.proto.book.Book]
  def GetBooksViaAuthor(req: _root_.com.proto.book.GetBookViaAuthor): F[_root_.fs2.Stream[F, _root_.com.proto.book.Book]]
  def GetGreatestBook(req: _root_.fs2.Stream[F, _root_.com.proto.book.GetBookRequest]): F[_root_.com.proto.book.Book]
  def GetBooks(req: _root_.fs2.Stream[F, _root_.com.proto.book.GetBookRequest]): F[_root_.fs2.Stream[F, _root_.com.proto.book.Book]]
}
